Recherche des bases de données de type 'db_...' (PostgreSQL)
>>> Migration de la base : db_serrurierrivesudlevis2

 [WARNING] You have 1 previously executed migrations in the database that are not registered migrations.                

 >> 2026-04-29 16:18:08 (DoctrineMigrations\Version20260429161635)
[notice] Migrating up to DoctrineMigrations\Version20260706183647
[notice] finished in 239.5ms, used 34.5M memory, 1 migrations executed, 4 sql queries

 [OK] Successfully migrated to version: DoctrineMigrations\Version20260706183647                                        


✅ Migration réussie pour db_serrurierrivesudlevis2
----------------------------------------------------
>>> Migration de la base : db_dailydrip

 [WARNING] You have 1 previously executed migrations in the database that are not registered migrations.                

 >> 2026-04-29 16:18:09 (DoctrineMigrations\Version20260429161635)
[notice] Migrating up to DoctrineMigrations\Version20260706183647
[notice] finished in 310.1ms, used 34.5M memory, 1 migrations executed, 4 sql queries

 [OK] Successfully migrated to version: DoctrineMigrations\Version20260706183647                                        


✅ Migration réussie pour db_dailydrip
----------------------------------------------------
>>> Migration de la base : db_gemportal

 [WARNING] You have 1 previously executed migrations in the database that are not registered migrations.                

 >> 2026-04-29 16:18:10 (DoctrineMigrations\Version20260429161635)
[notice] Migrating up to DoctrineMigrations\Version20260706183647
[notice] finished in 274.9ms, used 34.5M memory, 1 migrations executed, 4 sql queries

 [OK] Successfully migrated to version: DoctrineMigrations\Version20260706183647                                        


✅ Migration réussie pour db_gemportal
----------------------------------------------------
>>> Migration de la base : db_grueshopinc

 [WARNING] You have 1 previously executed migrations in the database that are not registered migrations.                

 >> 2026-04-29 16:18:11 (DoctrineMigrations\Version20260429161635)
[notice] Migrating up to DoctrineMigrations\Version20260706183647
[notice] finished in 258.1ms, used 34.5M memory, 1 migrations executed, 4 sql queries

 [OK] Successfully migrated to version: DoctrineMigrations\Version20260706183647                                        


✅ Migration réussie pour db_grueshopinc
----------------------------------------------------
>>> Migration de la base : db_demodb12

 [WARNING] You have 1 previously executed migrations in the database that are not registered migrations.                

 >> 2026-04-29 16:18:12 (DoctrineMigrations\Version20260429161635)
[notice] Migrating up to DoctrineMigrations\Version20260706183647
[notice] finished in 227.4ms, used 34.5M memory, 1 migrations executed, 4 sql queries

 [OK] Successfully migrated to version: DoctrineMigrations\Version20260706183647                                        


✅ Migration réussie pour db_demodb12
----------------------------------------------------
>>> Migration de la base : db_demondb13

 [WARNING] You have 1 previously executed migrations in the database that are not registered migrations.                

 >> 2026-04-29 16:18:15 (DoctrineMigrations\Version20260429161635)
[notice] Migrating up to DoctrineMigrations\Version20260706183647
[notice] finished in 222ms, used 34.5M memory, 1 migrations executed, 4 sql queries

 [OK] Successfully migrated to version: DoctrineMigrations\Version20260706183647                                        


✅ Migration réussie pour db_demondb13
----------------------------------------------------
>>> Migration de la base : db_serrurepro

 [WARNING] You have 1 previously executed migrations in the database that are not registered migrations.                

 >> 2026-04-29 16:18:16 (DoctrineMigrations\Version20260429161635)
[notice] Migrating up to DoctrineMigrations\Version20260706183647
[notice] finished in 289.6ms, used 34.5M memory, 1 migrations executed, 4 sql queries

 [OK] Successfully migrated to version: DoctrineMigrations\Version20260706183647                                        


✅ Migration réussie pour db_serrurepro
----------------------------------------------------
>>> Migration de la base : db_larameemarine

 [WARNING] You have 1 previously executed migrations in the database that are not registered migrations.                

 >> 2026-04-29 16:18:17 (DoctrineMigrations\Version20260429161635)
[notice] Migrating up to DoctrineMigrations\Version20260706183647
[notice] finished in 318.7ms, used 34.5M memory, 1 migrations executed, 4 sql queries

 [OK] Successfully migrated to version: DoctrineMigrations\Version20260706183647                                        


✅ Migration réussie pour db_larameemarine
----------------------------------------------------
>>> Migration de la base : db_actifleonardo

 [WARNING] You have 1 previously executed migrations in the database that are not registered migrations.                

 >> 2026-04-29 16:18:18 (DoctrineMigrations\Version20260429161635)
[notice] Migrating up to DoctrineMigrations\Version20260706183647
[notice] finished in 193.1ms, used 34.5M memory, 1 migrations executed, 4 sql queries

 [OK] Successfully migrated to version: DoctrineMigrations\Version20260706183647                                        


✅ Migration réussie pour db_actifleonardo
----------------------------------------------------
>>> Migration de la base : db_expertnautique
[notice] Migrating up to DoctrineMigrations\Version20260706183647
[notice] finished in 190.9ms, used 34.5M memory, 1 migrations executed, 4 sql queries

 [OK] Successfully migrated to version: DoctrineMigrations\Version20260706183647                                        


✅ Migration réussie pour db_expertnautique
----------------------------------------------------
>>> Migration de la base : db_acquisauto
[notice] Migrating up to DoctrineMigrations\Version20260706183647
[notice] finished in 238.7ms, used 34.5M memory, 1 migrations executed, 4 sql queries

 [OK] Successfully migrated to version: DoctrineMigrations\Version20260706183647                                        


✅ Migration réussie pour db_acquisauto
----------------------------------------------------
>>> Migration de la base : gmasuite
[notice] Migrating up to DoctrineMigrations\Version20260706183647
[notice] finished in 123.5ms, used 34.5M memory, 1 migrations executed, 4 sql queries

 [OK] Successfully migrated to version: DoctrineMigrations\Version20260706183647                                        


✅ Migration réussie pour gmasuite
----------------------------------------------------
>>> Migration de la base : db_larameemarineinc2
[notice] Migrating up to DoctrineMigrations\Version20260706183647
[notice] finished in 54ms, used 34.5M memory, 1 migrations executed, 4 sql queries

 [OK] Successfully migrated to version: DoctrineMigrations\Version20260706183647                                        


✅ Migration réussie pour db_larameemarineinc2
----------------------------------------------------
>>> Migration de la base : db_caravane201inc
[notice] Migrating up to DoctrineMigrations\Version20260706183647
[notice] finished in 43.3ms, used 34.5M memory, 1 migrations executed, 4 sql queries

 [OK] Successfully migrated to version: DoctrineMigrations\Version20260706183647                                        


✅ Migration réussie pour db_caravane201inc
----------------------------------------------------
>>> Migration de la base : db_serrurepro1

 [WARNING] You have 1 previously executed migrations in the database that are not registered migrations.                

 >> 2026-04-29 16:18:19 (DoctrineMigrations\Version20260429161635)
[notice] Migrating up to DoctrineMigrations\Version20260706183647
[notice] finished in 263.5ms, used 34.5M memory, 1 migrations executed, 4 sql queries

 [OK] Successfully migrated to version: DoctrineMigrations\Version20260706183647                                        


✅ Migration réussie pour db_serrurepro1
----------------------------------------------------
Fin de toutes les migrations.
